../Core/Src/main.c:96:17:ring_distance	16	static
../Core/Src/main.c:100:17:encode_to_15bit	24	static
../Core/Src/main.c:116:10:percent_to_pwm	16	static
../Core/Src/main.c:122:6:motor_right	24	static
../Core/Src/main.c:129:6:motor_left	24	static
../Core/Src/main.c:136:6:motor_stop	8	static
../Core/Src/main.c:142:6:HAL_UART_RxCpltCallback	16	static
../Core/Src/main.c:162:10:read_adc_avg	40	static
../Core/Src/main.c:180:6:calibration	40	static
../Core/Src/main.c:221:5:main	64	static
../Core/Src/main.c:382:6:SystemClock_Config	88	static
../Core/Src/main.c:428:13:MX_ADC1_Init	24	static
../Core/Src/main.c:498:13:MX_I2S2_Init	8	static
../Core/Src/main.c:532:13:MX_TIM1_Init	80	static
../Core/Src/main.c:609:13:MX_TIM2_Init	56	static
../Core/Src/main.c:658:13:MX_TIM3_Init	48	static
../Core/Src/main.c:715:13:MX_USART2_UART_Init	8	static
../Core/Src/main.c:746:13:MX_DMA_Init	16	static
../Core/Src/main.c:764:13:MX_GPIO_Init	56	static
../Core/Src/main.c:892:6:Error_Handler	4	static,ignoring_inline_asm
